// Jest Snapshot v1, https://goo.gl/fbAQLP

exports[`EscswapV3Factory #createPool gas 1`] = `4557092`;

exports[`EscswapV3Factory factory bytecode size 1`] = `24535`;

exports[`EscswapV3Factory pool bytecode size 1`] = `22142`;
